// Jest Snapshot v1, https://goo.gl/fbAQLP

exports[`createTestContext require 1`] = `
Object {
  "offset": 0,
  "rows": Array [
    Object {
      "id": "jhawgqwj",
      "key": "roger",
      "value": 1,
    },
    Object {
      "id": "parent",
      "key": "torpedó",
      "value": 1,
    },
  ],
  "total_rows": 2,
}
`;

exports[`createTestContext require 2`] = `
"Log :: log from updateFromDir
Log :: log from views/byName/map
Log :: log from views/byParent/map
"
`;
